[2026-05-29T09:56:42.705Z] GET http://localhost:3000/ → pending (?ms, ?B)
[2026-05-29T09:56:44.031Z] GET http://localhost:3000/_next/image?url=%2Flogo.png&w=32&q=75 → pending (?ms, ?B)
[2026-05-29T09:56:44.032Z] GET http://localhost:3000/_next/static/css/118259c53b2ba41a.css → pending (?ms, ?B)
[2026-05-29T09:56:44.032Z] GET http://localhost:3000/_next/static/chunks/webpack-68db74319b18262e.js → pending (?ms, ?B)
[2026-05-29T09:56:44.032Z] GET http://localhost:3000/_next/static/chunks/fd9d1056-d01e9804f4c81514.js → pending (?ms, ?B)
[2026-05-29T09:56:44.032Z] GET http://localhost:3000/_next/static/chunks/117-72b103fc8e46f795.js → pending (?ms, ?B)
[2026-05-29T09:56:44.032Z] GET http://localhost:3000/_next/static/chunks/main-app-81c067feb08acb5c.js → pending (?ms, ?B)
[2026-05-29T09:56:44.032Z] GET http://localhost:3000/_next/static/chunks/972-08e58201e5ba5632.js → pending (?ms, ?B)
[2026-05-29T09:56:44.035Z] GET http://localhost:3000/_next/static/chunks/82-8c43f1d2c30541c5.js → pending (?ms, ?B)
[2026-05-29T09:56:44.035Z] GET http://localhost:3000/_next/static/chunks/521-e5fa6ee99fcb2559.js → pending (?ms, ?B)
[2026-05-29T09:56:44.035Z] GET http://localhost:3000/_next/static/chunks/878-afecfdc3c035736c.js → pending (?ms, ?B)
[2026-05-29T09:56:44.035Z] GET http://localhost:3000/_next/static/chunks/570-b4ab4d6e81f385e6.js → pending (?ms, ?B)
[2026-05-29T09:56:44.035Z] GET http://localhost:3000/_next/static/chunks/app/(public)/page-378e0b3e89ac6f2a.js → pending (?ms, ?B)
[2026-05-29T09:56:45.390Z] GET http://localhost:3000/_next/static/media/e4af272ccee01ff0-s.p.woff2 → pending (?ms, ?B)
[2026-05-29T09:56:46.475Z] GET http://localhost:3000/pricing?_rsc=gdhdt → pending (?ms, ?B)
[2026-05-29T09:56:46.475Z] GET http://localhost:3000/login?_rsc=gdhdt → pending (?ms, ?B)
[2026-05-29T09:56:46.475Z] GET http://localhost:3000/register?_rsc=gdhdt → pending (?ms, ?B)
[2026-05-29T09:56:47.062Z] GET http://localhost:3000/_next/static/chunks/app/(public)/pricing/page-0bda7fffa1c8532d.js → 200 (276ms, 22852B)
[2026-05-29T09:56:47.556Z] GET http://localhost:3000/_next/static/chunks/app/(auth)/register/page-e7eb4bcb02d63d70.js → 200 (189ms, 2296B)
[2026-05-29T09:56:47.560Z] GET http://localhost:3000/_next/static/chunks/app/(auth)/login/page-7e7fb2cb72dc1a3e.js → 200 (186ms, 2269B)
[2026-05-29T09:56:49.852Z] GET http://localhost:3000/pricing → 200 (19ms, 44714B)
[2026-05-29T09:56:49.889Z] GET http://localhost:3000/_next/image?url=%2Flogo.png&w=32&q=75 → 200 (?ms, 220B)
[2026-05-29T09:56:49.890Z] GET http://localhost:3000/_next/static/css/118259c53b2ba41a.css → 200 (?ms, 36144B)
[2026-05-29T09:56:49.890Z] GET http://localhost:3000/_next/static/chunks/webpack-68db74319b18262e.js → 200 (?ms, 3839B)
[2026-05-29T09:56:49.904Z] GET http://localhost:3000/_next/static/chunks/fd9d1056-d01e9804f4c81514.js → 200 (?ms, 172836B)
[2026-05-29T09:56:49.905Z] GET http://localhost:3000/_next/static/chunks/117-72b103fc8e46f795.js → 200 (?ms, 124726B)
[2026-05-29T09:56:49.905Z] GET http://localhost:3000/_next/static/chunks/main-app-81c067feb08acb5c.js → 200 (?ms, 468B)
[2026-05-29T09:56:49.906Z] GET http://localhost:3000/_next/static/chunks/972-08e58201e5ba5632.js → 200 (?ms, 26119B)
[2026-05-29T09:56:49.906Z] GET http://localhost:3000/_next/static/chunks/82-8c43f1d2c30541c5.js → 200 (?ms, 29085B)
[2026-05-29T09:56:49.906Z] GET http://localhost:3000/_next/static/chunks/521-e5fa6ee99fcb2559.js → 200 (?ms, 110534B)
[2026-05-29T09:56:49.906Z] GET http://localhost:3000/_next/static/chunks/878-afecfdc3c035736c.js → 200 (?ms, 13343B)
[2026-05-29T09:56:49.906Z] GET http://localhost:3000/_next/static/chunks/app/(public)/pricing/page-0bda7fffa1c8532d.js → 200 (?ms, 22852B)
[2026-05-29T09:56:49.909Z] GET http://localhost:3000/_next/static/media/e4af272ccee01ff0-s.p.woff2 → 200 (?ms, ?B)
[2026-05-29T09:56:50.139Z] GET http://localhost:3000/?_rsc=t7waa → 200 (52ms, 12374B)
[2026-05-29T09:56:50.139Z] GET http://localhost:3000/login?_rsc=t7waa → 200 (52ms, 6459B)
[2026-05-29T09:56:50.139Z] GET http://localhost:3000/register?_rsc=t7waa → 200 (52ms, 6471B)
[2026-05-29T09:56:50.191Z] GET http://localhost:3000/_next/static/chunks/570-b4ab4d6e81f385e6.js → 200 (?ms, 7397B)
[2026-05-29T09:56:50.191Z] GET http://localhost:3000/_next/static/chunks/app/(public)/page-378e0b3e89ac6f2a.js → 200 (?ms, 23985B)
[2026-05-29T09:56:50.191Z] GET http://localhost:3000/_next/static/chunks/app/(auth)/login/page-7e7fb2cb72dc1a3e.js → 200 (?ms, 2269B)
[2026-05-29T09:56:50.192Z] GET http://localhost:3000/_next/static/chunks/app/(auth)/register/page-e7eb4bcb02d63d70.js → 200 (?ms, 2296B)
[2026-05-29T09:56:52.921Z] GET http://localhost:3000/dashboard → 200 (78ms, 34969B)
[2026-05-29T09:56:53.073Z] GET http://localhost:3000/_next/image?url=%2Flogo.png&w=32&q=75 → 200 (?ms, 220B)
[2026-05-29T09:56:53.073Z] GET http://localhost:3000/_next/static/css/118259c53b2ba41a.css → 200 (?ms, 36144B)
[2026-05-29T09:56:53.074Z] GET http://localhost:3000/_next/static/chunks/webpack-68db74319b18262e.js → 200 (?ms, 3839B)
[2026-05-29T09:56:53.074Z] GET http://localhost:3000/_next/static/chunks/fd9d1056-d01e9804f4c81514.js → 200 (?ms, 172836B)
[2026-05-29T09:56:53.074Z] GET http://localhost:3000/_next/static/chunks/117-72b103fc8e46f795.js → 200 (?ms, 124726B)
[2026-05-29T09:56:53.075Z] GET http://localhost:3000/_next/static/chunks/main-app-81c067feb08acb5c.js → 200 (?ms, 468B)
[2026-05-29T09:56:53.086Z] GET http://localhost:3000/_next/static/chunks/972-08e58201e5ba5632.js → 200 (1ms, 26119B)
[2026-05-29T09:56:53.087Z] GET http://localhost:3000/_next/static/chunks/82-8c43f1d2c30541c5.js → 200 (?ms, 29085B)
[2026-05-29T09:56:53.087Z] GET http://localhost:3000/_next/static/chunks/521-e5fa6ee99fcb2559.js → 200 (?ms, 110534B)
[2026-05-29T09:56:53.087Z] GET http://localhost:3000/_next/static/chunks/395-f2c77096de26445d.js → 200 (361ms, 383446B)
[2026-05-29T09:56:53.087Z] GET http://localhost:3000/_next/static/chunks/550-23036b7dc9b4e974.js → 200 (72ms, 15483B)
[2026-05-29T09:56:53.087Z] GET http://localhost:3000/_next/static/chunks/app/(dashboard)/dashboard/page-f77a5f4fc5ba979a.js → 200 (71ms, 6821B)
[2026-05-29T09:56:53.087Z] GET http://localhost:3000/_next/static/chunks/878-afecfdc3c035736c.js → 200 (?ms, 13343B)
[2026-05-29T09:56:53.087Z] GET http://localhost:3000/_next/static/chunks/app/(dashboard)/layout-86ea39ceb6b49e3c.js → 200 (150ms, 4644B)
[2026-05-29T09:56:53.128Z] GET http://localhost:3000/_next/static/media/e4af272ccee01ff0-s.p.woff2 → 200 (?ms, ?B)
[2026-05-29T09:56:53.565Z] GET http://localhost:3000/?_rsc=cki2z → 200 (36ms, ?B)
[2026-05-29T09:56:53.566Z] GET http://localhost:3000/packages?_rsc=cki2z → pending (?ms, ?B)
[2026-05-29T09:56:53.571Z] GET http://localhost:3000/alerts?_rsc=cki2z → pending (?ms, ?B)
[2026-05-29T09:56:53.571Z] GET http://localhost:3000/repos?_rsc=cki2z → pending (?ms, ?B)
[2026-05-29T09:56:53.571Z] GET http://localhost:3000/packages/left-pad?_rsc=cki2z → pending (?ms, ?B)
[2026-05-29T09:56:53.625Z] GET http://localhost:3000/_next/static/chunks/570-b4ab4d6e81f385e6.js → 200 (?ms, ?B)
[2026-05-29T09:56:53.627Z] GET http://localhost:3000/_next/static/chunks/app/(public)/page-378e0b3e89ac6f2a.js → 200 (?ms, ?B)
[2026-05-29T09:56:53.627Z] GET http://localhost:3000/packages/moment?_rsc=cki2z → pending (?ms, ?B)
[2026-05-29T09:56:54.808Z] GET http://localhost:3000/packages/request?_rsc=cki2z → 200 (160ms, ?B)
[2026-05-29T09:56:54.808Z] GET http://localhost:3000/packages/bower?_rsc=cki2z → 200 (176ms, ?B)
[2026-05-29T09:56:55.078Z] GET http://localhost:3000/packages/node-sass?_rsc=cki2z → 200 (23ms, ?B)
[2026-05-29T09:56:55.091Z] GET http://localhost:3000/packages/gulp?_rsc=cki2z → 200 (220ms, ?B)
[2026-05-29T09:56:55.311Z] GET http://localhost:3000/packages/rxjs?_rsc=cki2z → 200 (294ms, ?B)
[2026-05-29T09:56:55.445Z] GET http://localhost:3000/packages/underscore?_rsc=cki2z → 200 (191ms, ?B)
[2026-05-29T09:56:55.605Z] GET http://localhost:3000/_next/static/chunks/app/(dashboard)/packages/page-437f3d032a1c4bcf.js → pending (?ms, ?B)
[2026-05-29T09:56:55.635Z] GET http://localhost:3000/_next/static/chunks/app/(dashboard)/alerts/page-d51a89e0271e472d.js → pending (?ms, ?B)
[2026-05-29T09:56:55.636Z] GET http://localhost:3000/_next/static/chunks/441-92a83d041056fcf0.js → pending (?ms, ?B)
[2026-05-29T09:56:55.636Z] GET http://localhost:3000/_next/static/chunks/110-5d63135f7fc5747f.js → pending (?ms, ?B)
[2026-05-29T09:56:55.636Z] GET http://localhost:3000/_next/static/chunks/app/(dashboard)/repos/page-1da32313d92727e3.js → pending (?ms, ?B)
[2026-05-29T09:56:55.636Z] GET http://localhost:3000/packages/nodemailer?_rsc=cki2z → pending (?ms, ?B)
[2026-05-29T09:57:00.135Z] GET http://localhost:3000/login → 200 (1ms, ?B)
[2026-05-29T09:57:00.136Z] GET http://localhost:3000/_next/image?url=%2Flogo.png&w=32&q=75 → 200 (?ms, 220B)
[2026-05-29T09:57:00.136Z] GET http://localhost:3000/_next/static/css/118259c53b2ba41a.css → 200 (?ms, ?B)
[2026-05-29T09:57:00.136Z] GET http://localhost:3000/_next/static/chunks/webpack-68db74319b18262e.js → 200 (?ms, ?B)
[2026-05-29T09:57:00.136Z] GET http://localhost:3000/_next/static/chunks/fd9d1056-d01e9804f4c81514.js → 200 (101ms, ?B)
[2026-05-29T09:57:00.246Z] GET http://localhost:3000/_next/static/chunks/117-72b103fc8e46f795.js → 200 (33ms, ?B)
[2026-05-29T09:57:00.279Z] GET http://localhost:3000/_next/static/chunks/main-app-81c067feb08acb5c.js → 200 (?ms, ?B)
[2026-05-29T09:57:00.279Z] GET http://localhost:3000/_next/static/chunks/972-08e58201e5ba5632.js → 200 (?ms, ?B)
[2026-05-29T09:57:00.280Z] GET http://localhost:3000/_next/static/chunks/521-e5fa6ee99fcb2559.js → 200 (?ms, ?B)
[2026-05-29T09:57:00.280Z] GET http://localhost:3000/_next/static/chunks/app/(auth)/login/page-7e7fb2cb72dc1a3e.js → 200 (?ms, ?B)
[2026-05-29T09:57:00.280Z] GET http://localhost:3000/_next/static/chunks/82-8c43f1d2c30541c5.js → 200 (?ms, ?B)
[2026-05-29T09:57:00.853Z] GET http://localhost:3000/_next/static/chunks/878-afecfdc3c035736c.js → 200 (?ms, ?B)
[2026-05-29T09:57:00.853Z] GET http://localhost:3000/_next/static/chunks/570-b4ab4d6e81f385e6.js → 200 (?ms, ?B)
[2026-05-29T09:57:00.854Z] GET http://localhost:3000/_next/static/chunks/app/(public)/page-378e0b3e89ac6f2a.js → 200 (?ms, ?B)
[2026-05-29T09:57:00.967Z] GET http://localhost:3000/_next/static/media/e4af272ccee01ff0-s.p.woff2 → 200 (29ms, ?B)
[2026-05-29T09:57:01.020Z] GET http://localhost:3000/?_rsc=10x2f → pending (?ms, ?B)
[2026-05-29T09:57:01.020Z] GET http://localhost:3000/register?_rsc=10x2f → pending (?ms, ?B)
[2026-05-29T09:57:01.129Z] GET http://localhost:3000/_next/static/chunks/app/(auth)/register/page-e7eb4bcb02d63d70.js → 200 (?ms, 2296B)
[2026-05-29T09:57:53.824Z] GET http://localhost:3000/ → 200 (11ms, 59051B)
[2026-05-29T09:57:53.842Z] GET http://localhost:3000/_next/image?url=%2Flogo.png&w=32&q=75 → 304 (26ms, ?B)
[2026-05-29T09:57:53.842Z] GET http://localhost:3000/_next/static/css/118259c53b2ba41a.css → 200 (?ms, 36144B)
[2026-05-29T09:57:53.845Z] GET http://localhost:3000/_next/static/chunks/webpack-68db74319b18262e.js → 200 (?ms, 3839B)
[2026-05-29T09:57:53.845Z] GET http://localhost:3000/_next/static/chunks/fd9d1056-d01e9804f4c81514.js → 200 (?ms, 172836B)
[2026-05-29T09:57:53.845Z] GET http://localhost:3000/_next/static/chunks/117-72b103fc8e46f795.js → 200 (?ms, 124726B)
[2026-05-29T09:57:53.845Z] GET http://localhost:3000/_next/static/chunks/main-app-81c067feb08acb5c.js → 200 (?ms, 468B)
[2026-05-29T09:57:53.846Z] GET http://localhost:3000/_next/static/chunks/972-08e58201e5ba5632.js → 200 (?ms, 26119B)
[2026-05-29T09:57:53.846Z] GET http://localhost:3000/_next/static/chunks/82-8c43f1d2c30541c5.js → 200 (?ms, 29085B)
[2026-05-29T09:57:53.850Z] GET http://localhost:3000/_next/static/chunks/521-e5fa6ee99fcb2559.js → 200 (?ms, 110534B)
[2026-05-29T09:57:53.851Z] GET http://localhost:3000/_next/static/chunks/878-afecfdc3c035736c.js → 200 (1ms, 13343B)
[2026-05-29T09:57:53.852Z] GET http://localhost:3000/_next/static/chunks/570-b4ab4d6e81f385e6.js → 200 (?ms, 7397B)
[2026-05-29T09:57:53.853Z] GET http://localhost:3000/_next/static/chunks/app/(public)/page-378e0b3e89ac6f2a.js → 200 (?ms, 23985B)
[2026-05-29T09:57:53.859Z] GET http://localhost:3000/_next/static/media/e4af272ccee01ff0-s.p.woff2 → 200 (?ms, ?B)
[2026-05-29T09:57:53.920Z] GET http://localhost:3000/pricing?_rsc=gdhdt → 200 (3ms, 5434B)
[2026-05-29T09:57:53.920Z] GET http://localhost:3000/login?_rsc=gdhdt → 200 (12ms, 6459B)
[2026-05-29T09:57:53.920Z] GET http://localhost:3000/register?_rsc=gdhdt → 200 (6ms, 6471B)
[2026-05-29T09:57:53.925Z] GET http://localhost:3000/_next/static/chunks/app/(public)/pricing/page-0bda7fffa1c8532d.js → 200 (?ms, 22852B)
[2026-05-29T09:57:53.928Z] GET http://localhost:3000/_next/static/chunks/app/(auth)/register/page-e7eb4bcb02d63d70.js → 200 (?ms, 2296B)
[2026-05-29T09:57:53.935Z] GET http://localhost:3000/_next/static/chunks/app/(auth)/login/page-7e7fb2cb72dc1a3e.js → 200 (?ms, 2269B)
[2026-05-29T09:57:54.178Z] GET http://localhost:3000/pricing → 200 (10ms, ?B)
[2026-05-29T09:57:54.195Z] GET http://localhost:3000/_next/image?url=%2Flogo.png&w=32&q=75 → 200 (?ms, ?B)
[2026-05-29T09:57:54.343Z] GET http://localhost:3000/_next/static/css/118259c53b2ba41a.css → 200 (?ms, ?B)
[2026-05-29T09:57:54.343Z] GET http://localhost:3000/_next/static/chunks/webpack-68db74319b18262e.js → 200 (?ms, ?B)
[2026-05-29T09:57:54.344Z] GET http://localhost:3000/_next/static/chunks/fd9d1056-d01e9804f4c81514.js → 200 (1ms, ?B)
[2026-05-29T09:57:54.347Z] GET http://localhost:3000/_next/static/chunks/117-72b103fc8e46f795.js → 200 (?ms, ?B)
[2026-05-29T09:57:54.350Z] GET http://localhost:3000/_next/static/chunks/main-app-81c067feb08acb5c.js → 200 (?ms, ?B)
[2026-05-29T09:57:54.351Z] GET http://localhost:3000/_next/static/chunks/972-08e58201e5ba5632.js → 200 (?ms, ?B)
[2026-05-29T09:57:54.351Z] GET http://localhost:3000/_next/static/chunks/82-8c43f1d2c30541c5.js → 200 (?ms, ?B)
[2026-05-29T09:57:54.351Z] GET http://localhost:3000/_next/static/chunks/521-e5fa6ee99fcb2559.js → 200 (?ms, ?B)
[2026-05-29T09:57:54.351Z] GET http://localhost:3000/_next/static/chunks/878-afecfdc3c035736c.js → 200 (?ms, ?B)
[2026-05-29T09:57:54.351Z] GET http://localhost:3000/_next/static/chunks/app/(public)/pricing/page-0bda7fffa1c8532d.js → 200 (1ms, ?B)
[2026-05-29T09:57:54.369Z] GET http://localhost:3000/_next/static/media/e4af272ccee01ff0-s.p.woff2 → 200 (6ms, ?B)
[2026-05-29T09:57:54.436Z] GET http://localhost:3000/?_rsc=t7waa → 200 (1ms, 12374B)
[2026-05-29T09:57:54.437Z] GET http://localhost:3000/login?_rsc=t7waa → 200 (?ms, 6459B)
[2026-05-29T09:57:54.437Z] GET http://localhost:3000/register?_rsc=t7waa → 200 (20ms, 6471B)
[2026-05-29T09:57:54.441Z] GET http://localhost:3000/_next/static/chunks/570-b4ab4d6e81f385e6.js → 200 (?ms, 7397B)
[2026-05-29T09:57:54.441Z] GET http://localhost:3000/_next/static/chunks/app/(public)/page-378e0b3e89ac6f2a.js → 200 (?ms, 23985B)
[2026-05-29T09:57:54.442Z] GET http://localhost:3000/_next/static/chunks/app/(auth)/login/page-7e7fb2cb72dc1a3e.js → 200 (?ms, 2269B)
[2026-05-29T09:57:54.472Z] GET http://localhost:3000/_next/static/chunks/app/(auth)/register/page-e7eb4bcb02d63d70.js → 200 (?ms, 2296B)
[2026-05-29T09:57:54.808Z] GET http://localhost:3000/dashboard → 200 (4ms, 34969B)
[2026-05-29T09:57:54.820Z] GET http://localhost:3000/_next/image?url=%2Flogo.png&w=32&q=75 → 200 (8ms, 220B)
[2026-05-29T09:57:54.828Z] GET http://localhost:3000/_next/static/css/118259c53b2ba41a.css → 200 (?ms, 36144B)
[2026-05-29T09:57:54.828Z] GET http://localhost:3000/_next/static/chunks/webpack-68db74319b18262e.js → 200 (?ms, 3839B)
[2026-05-29T09:57:54.829Z] GET http://localhost:3000/_next/static/chunks/fd9d1056-d01e9804f4c81514.js → 200 (?ms, 172836B)
[2026-05-29T09:57:54.829Z] GET http://localhost:3000/_next/static/chunks/117-72b103fc8e46f795.js → 200 (?ms, 124726B)
[2026-05-29T09:57:54.829Z] GET http://localhost:3000/_next/static/chunks/main-app-81c067feb08acb5c.js → 200 (?ms, 468B)
[2026-05-29T09:57:54.829Z] GET http://localhost:3000/_next/static/chunks/972-08e58201e5ba5632.js → 200 (?ms, 26119B)
[2026-05-29T09:57:54.829Z] GET http://localhost:3000/_next/static/chunks/82-8c43f1d2c30541c5.js → 200 (?ms, 29085B)
[2026-05-29T09:57:54.847Z] GET http://localhost:3000/_next/static/chunks/521-e5fa6ee99fcb2559.js → 200 (1ms, 110534B)
[2026-05-29T09:57:54.848Z] GET http://localhost:3000/_next/static/chunks/395-f2c77096de26445d.js → 200 (?ms, 383446B)
[2026-05-29T09:57:54.848Z] GET http://localhost:3000/_next/static/chunks/550-23036b7dc9b4e974.js → 200 (52ms, 15483B)
[2026-05-29T09:57:54.901Z] GET http://localhost:3000/_next/static/chunks/app/(dashboard)/dashboard/page-f77a5f4fc5ba979a.js → 200 (1ms, 6821B)
[2026-05-29T09:57:54.902Z] GET http://localhost:3000/_next/static/chunks/878-afecfdc3c035736c.js → 200 (?ms, 13343B)
[2026-05-29T09:57:54.902Z] GET http://localhost:3000/_next/static/chunks/app/(dashboard)/layout-86ea39ceb6b49e3c.js → 200 (?ms, 4644B)
[2026-05-29T09:57:54.907Z] GET http://localhost:3000/_next/static/media/e4af272ccee01ff0-s.p.woff2 → 200 (?ms, ?B)
[2026-05-29T09:57:54.987Z] GET http://localhost:3000/?_rsc=cki2z → 200 (3ms, 12374B)
[2026-05-29T09:57:54.988Z] GET http://localhost:3000/packages?_rsc=cki2z → 200 (12ms, 5829B)
[2026-05-29T09:57:54.989Z] GET http://localhost:3000/alerts?_rsc=cki2z → 200 (13ms, 5729B)
[2026-05-29T09:57:54.989Z] GET http://localhost:3000/repos?_rsc=cki2z → 200 (14ms, 5771B)
[2026-05-29T09:57:54.989Z] GET http://localhost:3000/packages/left-pad?_rsc=cki2z → 200 (18ms, ?B)
[2026-05-29T09:57:55.001Z] GET http://localhost:3000/_next/static/chunks/570-b4ab4d6e81f385e6.js → 200 (?ms, 7397B)
[2026-05-29T09:57:55.001Z] GET http://localhost:3000/_next/static/chunks/app/(public)/page-378e0b3e89ac6f2a.js → 200 (?ms, 23985B)
[2026-05-29T09:57:55.001Z] GET http://localhost:3000/packages/moment?_rsc=cki2z → 200 (10ms, ?B)
[2026-05-29T09:57:55.001Z] GET http://localhost:3000/_next/static/chunks/app/(dashboard)/packages/page-437f3d032a1c4bcf.js → 200 (1ms, 5861B)
[2026-05-29T09:57:55.002Z] GET http://localhost:3000/packages/request?_rsc=cki2z → 200 (5ms, ?B)
[2026-05-29T09:57:55.002Z] GET http://localhost:3000/_next/static/chunks/app/(dashboard)/alerts/page-d51a89e0271e472d.js → 200 (?ms, 7435B)
[2026-05-29T09:57:55.003Z] GET http://localhost:3000/packages/bower?_rsc=cki2z → 200 (8ms, 165B)
[2026-05-29T09:57:55.003Z] GET http://localhost:3000/_next/static/chunks/441-92a83d041056fcf0.js → 200 (?ms, 7289B)
[2026-05-29T09:57:55.003Z] GET http://localhost:3000/_next/static/chunks/110-5d63135f7fc5747f.js → 200 (?ms, 26567B)
[2026-05-29T09:57:55.003Z] GET http://localhost:3000/_next/static/chunks/app/(dashboard)/repos/page-1da32313d92727e3.js → 200 (?ms, 4486B)
[2026-05-29T09:57:55.004Z] GET http://localhost:3000/packages/node-sass?_rsc=cki2z → 200 (7ms, ?B)
[2026-05-29T09:57:55.016Z] GET http://localhost:3000/packages/gulp?_rsc=cki2z → 200 (10ms, ?B)
[2026-05-29T09:57:55.016Z] GET http://localhost:3000/packages/rxjs?_rsc=cki2z → 200 (10ms, ?B)
[2026-05-29T09:57:55.022Z] GET http://localhost:3000/packages/underscore?_rsc=cki2z → 200 (10ms, ?B)
[2026-05-29T09:57:55.024Z] GET http://localhost:3000/packages/nodemailer?_rsc=cki2z → 200 (7ms, ?B)
[2026-05-29T09:57:55.359Z] GET http://localhost:3000/login → 200 (3ms, ?B)
[2026-05-29T09:57:55.373Z] GET http://localhost:3000/_next/image?url=%2Flogo.png&w=32&q=75 → 200 (?ms, ?B)
[2026-05-29T09:57:55.374Z] GET http://localhost:3000/_next/static/css/118259c53b2ba41a.css → 200 (17ms, ?B)
[2026-05-29T09:57:55.392Z] GET http://localhost:3000/_next/static/chunks/webpack-68db74319b18262e.js → 200 (?ms, ?B)
[2026-05-29T09:57:55.392Z] GET http://localhost:3000/_next/static/chunks/fd9d1056-d01e9804f4c81514.js → 200 (?ms, ?B)
[2026-05-29T09:57:55.392Z] GET http://localhost:3000/_next/static/chunks/117-72b103fc8e46f795.js → 200 (?ms, ?B)
[2026-05-29T09:57:55.392Z] GET http://localhost:3000/_next/static/chunks/main-app-81c067feb08acb5c.js → 200 (1ms, ?B)
[2026-05-29T09:57:55.393Z] GET http://localhost:3000/_next/static/chunks/972-08e58201e5ba5632.js → 200 (?ms, ?B)
[2026-05-29T09:57:55.395Z] GET http://localhost:3000/_next/static/chunks/521-e5fa6ee99fcb2559.js → 200 (?ms, ?B)
[2026-05-29T09:57:55.396Z] GET http://localhost:3000/_next/static/chunks/app/(auth)/login/page-7e7fb2cb72dc1a3e.js → 200 (?ms, ?B)
[2026-05-29T09:57:55.396Z] GET http://localhost:3000/_next/static/chunks/82-8c43f1d2c30541c5.js → 200 (?ms, ?B)
[2026-05-29T09:57:55.396Z] GET http://localhost:3000/_next/static/chunks/878-afecfdc3c035736c.js → 200 (?ms, ?B)
[2026-05-29T09:57:55.403Z] GET http://localhost:3000/_next/static/chunks/570-b4ab4d6e81f385e6.js → 200 (1ms, ?B)
[2026-05-29T09:57:55.404Z] GET http://localhost:3000/_next/static/chunks/app/(public)/page-378e0b3e89ac6f2a.js → 200 (?ms, ?B)
[2026-05-29T09:57:55.418Z] GET http://localhost:3000/_next/static/media/e4af272ccee01ff0-s.p.woff2 → 200 (?ms, ?B)
[2026-05-29T09:57:55.423Z] GET http://localhost:3000/?_rsc=10x2f → 200 (1ms, 12374B)
[2026-05-29T09:57:55.424Z] GET http://localhost:3000/register?_rsc=10x2f → 200 (?ms, 6471B)
[2026-05-29T09:57:55.424Z] GET http://localhost:3000/_next/static/chunks/app/(auth)/register/page-e7eb4bcb02d63d70.js → 200 (?ms, 2296B)
[2026-05-29T09:57:55.856Z] GET http://localhost:3000/onboarding → 200 (5ms, 9628B)
[2026-05-29T09:57:55.869Z] GET http://localhost:3000/_next/image?url=%2Flogo.png&w=32&q=75 → 200 (?ms, 220B)
[2026-05-29T09:57:55.870Z] GET http://localhost:3000/_next/static/css/118259c53b2ba41a.css → 200 (?ms, 36144B)
[2026-05-29T09:57:55.870Z] GET http://localhost:3000/_next/static/chunks/webpack-68db74319b18262e.js → 200 (?ms, 3839B)
[2026-05-29T09:57:55.873Z] GET http://localhost:3000/_next/static/chunks/fd9d1056-d01e9804f4c81514.js → 200 (?ms, 172836B)
[2026-05-29T09:57:55.873Z] GET http://localhost:3000/_next/static/chunks/117-72b103fc8e46f795.js → 200 (?ms, 124726B)
[2026-05-29T09:57:55.873Z] GET http://localhost:3000/_next/static/chunks/main-app-81c067feb08acb5c.js → 200 (?ms, 468B)
[2026-05-29T09:57:55.873Z] GET http://localhost:3000/_next/static/chunks/972-08e58201e5ba5632.js → 200 (?ms, 26119B)
[2026-05-29T09:57:55.874Z] GET http://localhost:3000/_next/static/chunks/82-8c43f1d2c30541c5.js → 200 (?ms, 29085B)
[2026-05-29T09:57:55.874Z] GET http://localhost:3000/_next/static/chunks/521-e5fa6ee99fcb2559.js → 200 (?ms, 110534B)
[2026-05-29T09:57:55.874Z] GET http://localhost:3000/_next/static/chunks/878-afecfdc3c035736c.js → 200 (?ms, 13343B)
[2026-05-29T09:57:55.874Z] GET http://localhost:3000/_next/static/chunks/441-92a83d041056fcf0.js → 200 (?ms, 7289B)
[2026-05-29T09:57:55.875Z] GET http://localhost:3000/_next/static/chunks/9-6c3ae3fa1d2a3ccb.js → 200 (15ms, 8859B)
[2026-05-29T09:57:55.875Z] GET http://localhost:3000/_next/static/chunks/app/onboarding/page-2766075c986851a6.js → 200 (11ms, 7842B)
[2026-05-29T09:57:55.885Z] GET http://localhost:3000/_next/static/media/e4af272ccee01ff0-s.p.woff2 → 200 (?ms, ?B)
[2026-05-29T09:57:55.916Z] GET http://localhost:3000/?_rsc=10s67 → 200 (7ms, 12374B)
[2026-05-29T09:57:55.926Z] GET http://localhost:3000/_next/static/chunks/570-b4ab4d6e81f385e6.js → 200 (?ms, 7397B)
[2026-05-29T09:57:55.926Z] GET http://localhost:3000/_next/static/chunks/app/(public)/page-378e0b3e89ac6f2a.js → 200 (?ms, 23985B)
[2026-05-29T09:58:10.717Z] GET http://localhost:3000/ → 200 (16ms, 59051B)
[2026-05-29T09:58:10.741Z] GET http://localhost:3000/_next/image?url=%2Flogo.png&w=32&q=75 → 200 (?ms, 220B)
[2026-05-29T09:58:10.742Z] GET http://localhost:3000/_next/static/css/118259c53b2ba41a.css → 200 (?ms, 36144B)
[2026-05-29T09:58:10.744Z] GET http://localhost:3000/_next/static/chunks/webpack-68db74319b18262e.js → 200 (?ms, 3839B)
[2026-05-29T09:58:10.744Z] GET http://localhost:3000/_next/static/chunks/fd9d1056-d01e9804f4c81514.js → 200 (?ms, 172836B)
[2026-05-29T09:58:10.744Z] GET http://localhost:3000/_next/static/chunks/117-72b103fc8e46f795.js → 200 (?ms, 124726B)
[2026-05-29T09:58:10.744Z] GET http://localhost:3000/_next/static/chunks/main-app-81c067feb08acb5c.js → 200 (?ms, 468B)
[2026-05-29T09:58:10.744Z] GET http://localhost:3000/_next/static/chunks/972-08e58201e5ba5632.js → 200 (?ms, 26119B)
[2026-05-29T09:58:10.745Z] GET http://localhost:3000/_next/static/chunks/82-8c43f1d2c30541c5.js → 200 (?ms, 29085B)
[2026-05-29T09:58:10.745Z] GET http://localhost:3000/_next/static/chunks/521-e5fa6ee99fcb2559.js → 200 (?ms, 110534B)
[2026-05-29T09:58:10.745Z] GET http://localhost:3000/_next/static/chunks/878-afecfdc3c035736c.js → 200 (?ms, 13343B)
[2026-05-29T09:58:10.745Z] GET http://localhost:3000/_next/static/chunks/570-b4ab4d6e81f385e6.js → 200 (?ms, 7397B)
[2026-05-29T09:58:10.745Z] GET http://localhost:3000/_next/static/chunks/app/(public)/page-378e0b3e89ac6f2a.js → 200 (?ms, 23985B)
[2026-05-29T09:58:10.754Z] GET http://localhost:3000/_next/static/media/e4af272ccee01ff0-s.p.woff2 → 200 (?ms, ?B)
[2026-05-29T09:58:10.842Z] GET http://localhost:3000/pricing?_rsc=gdhdt → 200 (6ms, 5434B)
[2026-05-29T09:58:10.842Z] GET http://localhost:3000/login?_rsc=gdhdt → 200 (9ms, 6459B)
[2026-05-29T09:58:10.842Z] GET http://localhost:3000/register?_rsc=gdhdt → 200 (9ms, 6471B)
[2026-05-29T09:58:10.850Z] GET http://localhost:3000/_next/static/chunks/app/(public)/pricing/page-0bda7fffa1c8532d.js → 200 (1ms, 22852B)
[2026-05-29T09:58:10.853Z] GET http://localhost:3000/_next/static/chunks/app/(auth)/login/page-7e7fb2cb72dc1a3e.js → 200 (?ms, 2269B)
[2026-05-29T09:58:10.854Z] GET http://localhost:3000/_next/static/chunks/app/(auth)/register/page-e7eb4bcb02d63d70.js → 200 (?ms, 2296B)
[2026-05-29T09:58:16.389Z] GET http://localhost:3000/pricing → 200 (14ms, 44714B)
[2026-05-29T09:58:16.411Z] GET http://localhost:3000/_next/image?url=%2Flogo.png&w=32&q=75 → 200 (?ms, 220B)
[2026-05-29T09:58:16.412Z] GET http://localhost:3000/_next/static/css/118259c53b2ba41a.css → 200 (1ms, 36144B)
[2026-05-29T09:58:16.413Z] GET http://localhost:3000/_next/static/chunks/webpack-68db74319b18262e.js → 200 (?ms, 3839B)
[2026-05-29T09:58:16.413Z] GET http://localhost:3000/_next/static/chunks/fd9d1056-d01e9804f4c81514.js → 200 (?ms, 172836B)
[2026-05-29T09:58:16.413Z] GET http://localhost:3000/_next/static/chunks/117-72b103fc8e46f795.js → 200 (?ms, 124726B)
[2026-05-29T09:58:16.413Z] GET http://localhost:3000/_next/static/chunks/main-app-81c067feb08acb5c.js → 200 (?ms, 468B)
[2026-05-29T09:58:16.414Z] GET http://localhost:3000/_next/static/chunks/972-08e58201e5ba5632.js → 200 (?ms, 26119B)
[2026-05-29T09:58:16.414Z] GET http://localhost:3000/_next/static/chunks/82-8c43f1d2c30541c5.js → 200 (?ms, 29085B)
[2026-05-29T09:58:16.414Z] GET http://localhost:3000/_next/static/chunks/521-e5fa6ee99fcb2559.js → 200 (?ms, 110534B)
[2026-05-29T09:58:16.414Z] GET http://localhost:3000/_next/static/chunks/878-afecfdc3c035736c.js → 200 (?ms, 13343B)
[2026-05-29T09:58:16.414Z] GET http://localhost:3000/_next/static/chunks/app/(public)/pricing/page-0bda7fffa1c8532d.js → 200 (1ms, 22852B)
[2026-05-29T09:58:16.423Z] GET http://localhost:3000/_next/static/media/e4af272ccee01ff0-s.p.woff2 → 200 (1ms, ?B)
[2026-05-29T09:58:16.505Z] GET http://localhost:3000/?_rsc=t7waa → 200 (1ms, 12374B)
[2026-05-29T09:58:16.505Z] GET http://localhost:3000/login?_rsc=t7waa → 200 (6ms, 6459B)
[2026-05-29T09:58:16.505Z] GET http://localhost:3000/register?_rsc=t7waa → 200 (7ms, 6471B)
[2026-05-29T09:58:16.509Z] GET http://localhost:3000/_next/static/chunks/570-b4ab4d6e81f385e6.js → 200 (?ms, 7397B)
[2026-05-29T09:58:16.510Z] GET http://localhost:3000/_next/static/chunks/app/(public)/page-378e0b3e89ac6f2a.js → 200 (1ms, 23985B)
[2026-05-29T09:58:16.513Z] GET http://localhost:3000/_next/static/chunks/app/(auth)/login/page-7e7fb2cb72dc1a3e.js → 200 (1ms, 2269B)
[2026-05-29T09:58:16.516Z] GET http://localhost:3000/_next/static/chunks/app/(auth)/register/page-e7eb4bcb02d63d70.js → 200 (?ms, 2296B)
[2026-05-29T09:58:22.040Z] GET http://localhost:3000/dashboard → 200 (10ms, 34969B)
[2026-05-29T09:58:22.070Z] GET http://localhost:3000/_next/image?url=%2Flogo.png&w=32&q=75 → 200 (1ms, 220B)
[2026-05-29T09:58:22.071Z] GET http://localhost:3000/_next/static/css/118259c53b2ba41a.css → 200 (1ms, 36144B)
[2026-05-29T09:58:22.077Z] GET http://localhost:3000/_next/static/chunks/webpack-68db74319b18262e.js → 200 (?ms, 3839B)
[2026-05-29T09:58:22.077Z] GET http://localhost:3000/_next/static/chunks/fd9d1056-d01e9804f4c81514.js → 200 (?ms, 172836B)
[2026-05-29T09:58:22.077Z] GET http://localhost:3000/_next/static/chunks/117-72b103fc8e46f795.js → 200 (?ms, 124726B)
[2026-05-29T09:58:22.077Z] GET http://localhost:3000/_next/static/chunks/main-app-81c067feb08acb5c.js → 200 (1ms, 468B)
[2026-05-29T09:58:22.078Z] GET http://localhost:3000/_next/static/chunks/972-08e58201e5ba5632.js → 200 (?ms, 26119B)
[2026-05-29T09:58:22.078Z] GET http://localhost:3000/_next/static/chunks/82-8c43f1d2c30541c5.js → 200 (?ms, 29085B)
[2026-05-29T09:58:22.079Z] GET http://localhost:3000/_next/static/chunks/521-e5fa6ee99fcb2559.js → 200 (?ms, 110534B)
[2026-05-29T09:58:22.079Z] GET http://localhost:3000/_next/static/chunks/395-f2c77096de26445d.js → 200 (?ms, 383446B)
[2026-05-29T09:58:22.079Z] GET http://localhost:3000/_next/static/chunks/550-23036b7dc9b4e974.js → 200 (?ms, 15483B)
[2026-05-29T09:58:22.079Z] GET http://localhost:3000/_next/static/chunks/app/(dashboard)/dashboard/page-f77a5f4fc5ba979a.js → 200 (1ms, 6821B)
[2026-05-29T09:58:22.080Z] GET http://localhost:3000/_next/static/chunks/878-afecfdc3c035736c.js → 200 (1ms, 13343B)
[2026-05-29T09:58:22.081Z] GET http://localhost:3000/_next/static/chunks/app/(dashboard)/layout-86ea39ceb6b49e3c.js → 200 (?ms, 4644B)
[2026-05-29T09:58:22.084Z] GET http://localhost:3000/_next/static/media/e4af272ccee01ff0-s.p.woff2 → 200 (?ms, ?B)
[2026-05-29T09:58:22.224Z] GET http://localhost:3000/?_rsc=cki2z → 200 (8ms, 12374B)
[2026-05-29T09:58:22.224Z] GET http://localhost:3000/packages?_rsc=cki2z → 200 (14ms, 5829B)
[2026-05-29T09:58:22.224Z] GET http://localhost:3000/alerts?_rsc=cki2z → 200 (17ms, 5729B)
[2026-05-29T09:58:22.224Z] GET http://localhost:3000/repos?_rsc=cki2z → 200 (19ms, 5771B)
[2026-05-29T09:58:22.224Z] GET http://localhost:3000/packages/left-pad?_rsc=cki2z → 200 (19ms, ?B)
[2026-05-29T09:58:22.236Z] GET http://localhost:3000/_next/static/chunks/570-b4ab4d6e81f385e6.js → 200 (?ms, 7397B)
[2026-05-29T09:58:22.236Z] GET http://localhost:3000/_next/static/chunks/app/(public)/page-378e0b3e89ac6f2a.js → 200 (?ms, 23985B)
[2026-05-29T09:58:22.236Z] GET http://localhost:3000/packages/moment?_rsc=cki2z → 200 (13ms, 166B)
[2026-05-29T09:58:22.240Z] GET http://localhost:3000/_next/static/chunks/app/(dashboard)/packages/page-437f3d032a1c4bcf.js → 200 (?ms, 5861B)
[2026-05-29T09:58:22.241Z] GET http://localhost:3000/packages/request?_rsc=cki2z → 200 (11ms, 167B)
[2026-05-29T09:58:22.243Z] GET http://localhost:3000/_next/static/chunks/app/(dashboard)/alerts/page-d51a89e0271e472d.js → 200 (?ms, 7435B)
[2026-05-29T09:58:22.244Z] GET http://localhost:3000/packages/bower?_rsc=cki2z → 200 (16ms, 165B)
[2026-05-29T09:58:22.247Z] GET http://localhost:3000/_next/static/chunks/441-92a83d041056fcf0.js → 200 (?ms, 7289B)
[2026-05-29T09:58:22.247Z] GET http://localhost:3000/_next/static/chunks/110-5d63135f7fc5747f.js → 200 (?ms, 26567B)
[2026-05-29T09:58:22.247Z] GET http://localhost:3000/_next/static/chunks/app/(dashboard)/repos/page-1da32313d92727e3.js → 200 (?ms, 4486B)
[2026-05-29T09:58:22.250Z] GET http://localhost:3000/packages/node-sass?_rsc=cki2z → 200 (13ms, 169B)
[2026-05-29T09:58:22.254Z] GET http://localhost:3000/packages/gulp?_rsc=cki2z → 200 (22ms, ?B)
[2026-05-29T09:58:22.256Z] GET http://localhost:3000/packages/rxjs?_rsc=cki2z → 200 (22ms, 164B)
[2026-05-29T09:58:22.260Z] GET http://localhost:3000/packages/underscore?_rsc=cki2z → 200 (18ms, 170B)
[2026-05-29T09:58:22.270Z] GET http://localhost:3000/packages/nodemailer?_rsc=cki2z → 200 (12ms, 170B)
[2026-05-29T09:58:39.048Z] GET http://localhost:3000/pricing → 200 (8ms, 44714B)
[2026-05-29T09:58:39.063Z] GET http://localhost:3000/_next/image?url=%2Flogo.png&w=32&q=75 → 200 (?ms, 220B)
[2026-05-29T09:58:39.064Z] GET http://localhost:3000/_next/static/css/118259c53b2ba41a.css → 200 (1ms, 36144B)
[2026-05-29T09:58:39.066Z] GET http://localhost:3000/_next/static/chunks/webpack-68db74319b18262e.js → 200 (?ms, 3839B)
[2026-05-29T09:58:39.066Z] GET http://localhost:3000/_next/static/chunks/fd9d1056-d01e9804f4c81514.js → 200 (?ms, 172836B)
[2026-05-29T09:58:39.066Z] GET http://localhost:3000/_next/static/chunks/117-72b103fc8e46f795.js → 200 (?ms, 124726B)
[2026-05-29T09:58:39.066Z] GET http://localhost:3000/_next/static/chunks/main-app-81c067feb08acb5c.js → 200 (?ms, 468B)
[2026-05-29T09:58:39.067Z] GET http://localhost:3000/_next/static/chunks/972-08e58201e5ba5632.js → 200 (?ms, 26119B)
[2026-05-29T09:58:39.067Z] GET http://localhost:3000/_next/static/chunks/82-8c43f1d2c30541c5.js → 200 (?ms, 29085B)
[2026-05-29T09:58:39.067Z] GET http://localhost:3000/_next/static/chunks/521-e5fa6ee99fcb2559.js → 200 (1ms, 110534B)
[2026-05-29T09:58:39.068Z] GET http://localhost:3000/_next/static/chunks/878-afecfdc3c035736c.js → 200 (?ms, 13343B)
[2026-05-29T09:58:39.068Z] GET http://localhost:3000/_next/static/chunks/app/(public)/pricing/page-0bda7fffa1c8532d.js → 200 (?ms, 22852B)
[2026-05-29T09:58:39.094Z] GET http://localhost:3000/_next/static/media/e4af272ccee01ff0-s.p.woff2 → 200 (?ms, ?B)
[2026-05-29T09:58:39.156Z] GET http://localhost:3000/?_rsc=t7waa → 200 (7ms, 12374B)
[2026-05-29T09:58:39.156Z] GET http://localhost:3000/login?_rsc=t7waa → 200 (7ms, 6459B)
[2026-05-29T09:58:39.156Z] GET http://localhost:3000/register?_rsc=t7waa → 200 (7ms, 6471B)
[2026-05-29T09:58:39.167Z] GET http://localhost:3000/_next/static/chunks/570-b4ab4d6e81f385e6.js → 200 (?ms, 7397B)
[2026-05-29T09:58:39.167Z] GET http://localhost:3000/_next/static/chunks/app/(public)/page-378e0b3e89ac6f2a.js → 200 (1ms, 23985B)
[2026-05-29T09:58:39.170Z] GET http://localhost:3000/_next/static/chunks/app/(auth)/register/page-e7eb4bcb02d63d70.js → 200 (?ms, 2296B)
[2026-05-29T09:58:39.171Z] GET http://localhost:3000/_next/static/chunks/app/(auth)/login/page-7e7fb2cb72dc1a3e.js → 200 (?ms, 2269B)
[2026-05-29T09:58:48.703Z] GET http://localhost:3000/dashboard → 200 (7ms, 34969B)
[2026-05-29T09:58:48.719Z] GET http://localhost:3000/_next/image?url=%2Flogo.png&w=32&q=75 → 200 (?ms, 220B)
[2026-05-29T09:58:48.719Z] GET http://localhost:3000/_next/static/css/118259c53b2ba41a.css → 200 (?ms, 36144B)
[2026-05-29T09:58:48.720Z] GET http://localhost:3000/_next/static/chunks/webpack-68db74319b18262e.js → 200 (2ms, 3839B)
[2026-05-29T09:58:48.722Z] GET http://localhost:3000/_next/static/chunks/fd9d1056-d01e9804f4c81514.js → 200 (?ms, 172836B)
[2026-05-29T09:58:48.723Z] GET http://localhost:3000/_next/static/chunks/117-72b103fc8e46f795.js → 200 (?ms, 124726B)
[2026-05-29T09:58:48.723Z] GET http://localhost:3000/_next/static/chunks/main-app-81c067feb08acb5c.js → 200 (?ms, 468B)
[2026-05-29T09:58:48.723Z] GET http://localhost:3000/_next/static/chunks/972-08e58201e5ba5632.js → 200 (?ms, 26119B)
[2026-05-29T09:58:48.723Z] GET http://localhost:3000/_next/static/chunks/82-8c43f1d2c30541c5.js → 200 (?ms, 29085B)
[2026-05-29T09:58:48.723Z] GET http://localhost:3000/_next/static/chunks/521-e5fa6ee99fcb2559.js → 200 (?ms, 110534B)
[2026-05-29T09:58:48.723Z] GET http://localhost:3000/_next/static/chunks/395-f2c77096de26445d.js → 200 (1ms, 383446B)
[2026-05-29T09:58:48.724Z] GET http://localhost:3000/_next/static/chunks/550-23036b7dc9b4e974.js → 200 (1ms, 15483B)
[2026-05-29T09:58:48.725Z] GET http://localhost:3000/_next/static/chunks/app/(dashboard)/dashboard/page-f77a5f4fc5ba979a.js → 200 (?ms, 6821B)
[2026-05-29T09:58:48.725Z] GET http://localhost:3000/_next/static/chunks/878-afecfdc3c035736c.js → 200 (?ms, 13343B)
[2026-05-29T09:58:48.726Z] GET http://localhost:3000/_next/static/chunks/app/(dashboard)/layout-86ea39ceb6b49e3c.js → 200 (?ms, 4644B)
[2026-05-29T09:58:48.748Z] GET http://localhost:3000/_next/static/media/e4af272ccee01ff0-s.p.woff2 → 200 (?ms, ?B)
[2026-05-29T09:58:48.944Z] GET http://localhost:3000/?_rsc=cki2z → 200 (8ms, ?B)
[2026-05-29T09:58:48.944Z] GET http://localhost:3000/packages?_rsc=cki2z → 200 (16ms, ?B)
[2026-05-29T09:58:48.944Z] GET http://localhost:3000/alerts?_rsc=cki2z → 200 (16ms, ?B)
[2026-05-29T09:58:48.944Z] GET http://localhost:3000/repos?_rsc=cki2z → 200 (16ms, ?B)
[2026-05-29T09:58:48.944Z] GET http://localhost:3000/packages/left-pad?_rsc=cki2z → 200 (16ms, ?B)
[2026-05-29T09:58:48.954Z] GET http://localhost:3000/_next/static/chunks/570-b4ab4d6e81f385e6.js → 200 (?ms, ?B)
[2026-05-29T09:58:48.954Z] GET http://localhost:3000/pricing → 200 (14ms, 44714B)
[2026-05-29T09:58:48.955Z] GET http://localhost:3000/_next/static/chunks/app/(public)/page-378e0b3e89ac6f2a.js → 200 (?ms, ?B)
[2026-05-29T09:58:48.956Z] GET http://localhost:3000/packages/moment?_rsc=cki2z → pending (?ms, ?B)
[2026-05-29T09:58:48.964Z] GET http://localhost:3000/_next/static/chunks/app/(dashboard)/packages/page-437f3d032a1c4bcf.js → 200 (?ms, ?B)
[2026-05-29T09:58:48.987Z] GET http://localhost:3000/_next/static/chunks/app/(dashboard)/alerts/page-d51a89e0271e472d.js → 200 (?ms, ?B)
[2026-05-29T09:58:48.988Z] GET http://localhost:3000/_next/static/chunks/441-92a83d041056fcf0.js → 200 (?ms, ?B)
[2026-05-29T09:58:48.989Z] GET http://localhost:3000/_next/static/chunks/110-5d63135f7fc5747f.js → 200 (?ms, ?B)
[2026-05-29T09:58:48.989Z] GET http://localhost:3000/_next/static/chunks/app/(dashboard)/repos/page-1da32313d92727e3.js → 200 (1ms, ?B)
[2026-05-29T09:58:48.991Z] GET http://localhost:3000/packages/request?_rsc=cki2z → pending (?ms, ?B)
[2026-05-29T09:58:48.991Z] GET http://localhost:3000/packages/bower?_rsc=cki2z → pending (?ms, ?B)
[2026-05-29T09:58:48.995Z] GET http://localhost:3000/packages/node-sass?_rsc=cki2z → pending (?ms, ?B)
[2026-05-29T09:58:48.995Z] GET http://localhost:3000/packages/gulp?_rsc=cki2z → pending (?ms, ?B)
[2026-05-29T09:58:49.001Z] GET http://localhost:3000/packages/rxjs?_rsc=cki2z → pending (?ms, ?B)
[2026-05-29T09:58:49.001Z] GET http://localhost:3000/packages/underscore?_rsc=cki2z → pending (?ms, ?B)
[2026-05-29T09:58:49.005Z] GET http://localhost:3000/_next/image?url=%2Flogo.png&w=32&q=75 → 200 (?ms, 220B)
[2026-05-29T09:58:49.006Z] GET http://localhost:3000/_next/static/css/118259c53b2ba41a.css → 200 (?ms, 36144B)
[2026-05-29T09:58:49.006Z] GET http://localhost:3000/_next/static/chunks/webpack-68db74319b18262e.js → 200 (?ms, 3839B)
[2026-05-29T09:58:49.006Z] GET http://localhost:3000/_next/static/chunks/fd9d1056-d01e9804f4c81514.js → 200 (?ms, 172836B)
[2026-05-29T09:58:49.006Z] GET http://localhost:3000/_next/static/chunks/117-72b103fc8e46f795.js → 200 (?ms, 124726B)
[2026-05-29T09:58:49.007Z] GET http://localhost:3000/_next/static/chunks/main-app-81c067feb08acb5c.js → 200 (?ms, 468B)
[2026-05-29T09:58:49.007Z] GET http://localhost:3000/_next/static/chunks/972-08e58201e5ba5632.js → 200 (?ms, 26119B)
[2026-05-29T09:58:49.007Z] GET http://localhost:3000/_next/static/chunks/82-8c43f1d2c30541c5.js → 200 (?ms, 29085B)
[2026-05-29T09:58:49.007Z] GET http://localhost:3000/_next/static/chunks/521-e5fa6ee99fcb2559.js → 200 (?ms, 110534B)
[2026-05-29T09:58:49.008Z] GET http://localhost:3000/_next/static/chunks/878-afecfdc3c035736c.js → 200 (?ms, 13343B)
[2026-05-29T09:58:49.008Z] GET http://localhost:3000/_next/static/chunks/app/(public)/pricing/page-0bda7fffa1c8532d.js → 200 (?ms, 22852B)
[2026-05-29T09:58:49.017Z] GET http://localhost:3000/_next/static/media/e4af272ccee01ff0-s.p.woff2 → 200 (?ms, ?B)
[2026-05-29T09:58:49.096Z] GET http://localhost:3000/?_rsc=t7waa → 200 (28ms, 12374B)
[2026-05-29T09:58:49.096Z] GET http://localhost:3000/login?_rsc=t7waa → 200 (28ms, 6459B)
[2026-05-29T09:58:49.097Z] GET http://localhost:3000/register?_rsc=t7waa → 200 (38ms, 6471B)
[2026-05-29T09:58:49.129Z] GET http://localhost:3000/_next/static/chunks/570-b4ab4d6e81f385e6.js → 200 (?ms, 7397B)
[2026-05-29T09:58:49.130Z] GET http://localhost:3000/_next/static/chunks/app/(public)/page-378e0b3e89ac6f2a.js → 200 (?ms, 23985B)
[2026-05-29T09:58:49.132Z] GET http://localhost:3000/_next/static/chunks/app/(auth)/login/page-7e7fb2cb72dc1a3e.js → 200 (?ms, 2269B)
[2026-05-29T09:58:49.149Z] GET http://localhost:3000/_next/static/chunks/app/(auth)/register/page-e7eb4bcb02d63d70.js → 200 (?ms, 2296B)
[2026-05-29T09:58:57.787Z] GET http://localhost:3000/dashboard → 200 (13ms, 34969B)
[2026-05-29T09:58:57.810Z] GET http://localhost:3000/_next/image?url=%2Flogo.png&w=32&q=75 → 304 (31ms, ?B)
[2026-05-29T09:58:57.810Z] GET http://localhost:3000/_next/static/css/118259c53b2ba41a.css → 200 (6ms, 36144B)
[2026-05-29T09:58:57.817Z] GET http://localhost:3000/_next/static/chunks/webpack-68db74319b18262e.js → 200 (?ms, 3839B)
[2026-05-29T09:58:57.817Z] GET http://localhost:3000/_next/static/chunks/fd9d1056-d01e9804f4c81514.js → 200 (?ms, 172836B)
[2026-05-29T09:58:57.817Z] GET http://localhost:3000/_next/static/chunks/117-72b103fc8e46f795.js → 200 (1ms, 124726B)
[2026-05-29T09:58:57.818Z] GET http://localhost:3000/_next/static/chunks/main-app-81c067feb08acb5c.js → 200 (?ms, 468B)
[2026-05-29T09:58:57.818Z] GET http://localhost:3000/_next/static/chunks/972-08e58201e5ba5632.js → 200 (?ms, 26119B)
[2026-05-29T09:58:57.818Z] GET http://localhost:3000/_next/static/chunks/82-8c43f1d2c30541c5.js → 200 (1ms, 29085B)
[2026-05-29T09:58:57.819Z] GET http://localhost:3000/_next/static/chunks/521-e5fa6ee99fcb2559.js → 200 (?ms, 110534B)
[2026-05-29T09:58:57.819Z] GET http://localhost:3000/_next/static/chunks/395-f2c77096de26445d.js → 200 (?ms, 383446B)
[2026-05-29T09:58:57.820Z] GET http://localhost:3000/_next/static/chunks/550-23036b7dc9b4e974.js → 200 (?ms, 15483B)
[2026-05-29T09:58:57.820Z] GET http://localhost:3000/_next/static/chunks/app/(dashboard)/dashboard/page-f77a5f4fc5ba979a.js → 200 (?ms, 6821B)
[2026-05-29T09:58:57.820Z] GET http://localhost:3000/_next/static/chunks/878-afecfdc3c035736c.js → 200 (?ms, 13343B)
[2026-05-29T09:58:57.821Z] GET http://localhost:3000/_next/static/chunks/app/(dashboard)/layout-86ea39ceb6b49e3c.js → 200 (?ms, 4644B)
[2026-05-29T09:58:57.840Z] GET http://localhost:3000/_next/static/media/e4af272ccee01ff0-s.p.woff2 → 200 (1ms, ?B)
[2026-05-29T09:58:58.031Z] GET http://localhost:3000/?_rsc=cki2z → 200 (4ms, 12374B)
[2026-05-29T09:58:58.031Z] GET http://localhost:3000/packages?_rsc=cki2z → 200 (12ms, 5829B)
[2026-05-29T09:58:58.031Z] GET http://localhost:3000/alerts?_rsc=cki2z → 200 (13ms, 5729B)
[2026-05-29T09:58:58.031Z] GET http://localhost:3000/repos?_rsc=cki2z → 200 (19ms, 5771B)
[2026-05-29T09:58:58.031Z] GET http://localhost:3000/packages/left-pad?_rsc=cki2z → 200 (13ms, 168B)
[2026-05-29T09:58:58.040Z] GET http://localhost:3000/_next/static/chunks/570-b4ab4d6e81f385e6.js → 200 (1ms, 7397B)
[2026-05-29T09:58:58.041Z] GET http://localhost:3000/_next/static/chunks/app/(public)/page-378e0b3e89ac6f2a.js → 200 (?ms, 23985B)
[2026-05-29T09:58:58.042Z] GET http://localhost:3000/packages/moment?_rsc=cki2z → 200 (41ms, 166B)
[2026-05-29T09:58:58.046Z] GET http://localhost:3000/_next/static/chunks/app/(dashboard)/packages/page-437f3d032a1c4bcf.js → 200 (?ms, 5861B)
[2026-05-29T09:58:58.048Z] GET http://localhost:3000/_next/static/chunks/app/(dashboard)/alerts/page-d51a89e0271e472d.js → 200 (?ms, 7435B)
[2026-05-29T09:58:58.049Z] GET http://localhost:3000/packages/request?_rsc=cki2z → 200 (35ms, 167B)
[2026-05-29T09:58:58.073Z] GET http://localhost:3000/packages/bower?_rsc=cki2z → 200 (12ms, 165B)
[2026-05-29T09:58:58.074Z] GET http://localhost:3000/packages/node-sass?_rsc=cki2z → 200 (12ms, 169B)
[2026-05-29T09:58:58.078Z] GET http://localhost:3000/_next/static/chunks/441-92a83d041056fcf0.js → 200 (1ms, 7289B)
[2026-05-29T09:58:58.079Z] GET http://localhost:3000/_next/static/chunks/110-5d63135f7fc5747f.js → 200 (?ms, 26567B)
[2026-05-29T09:58:58.080Z] GET http://localhost:3000/_next/static/chunks/app/(dashboard)/repos/page-1da32313d92727e3.js → 200 (?ms, 4486B)
[2026-05-29T09:58:58.084Z] GET http://localhost:3000/packages/gulp?_rsc=cki2z → 200 (22ms, ?B)
[2026-05-29T09:58:58.086Z] GET http://localhost:3000/packages/rxjs?_rsc=cki2z → 200 (20ms, ?B)
[2026-05-29T09:58:58.100Z] GET http://localhost:3000/packages/underscore?_rsc=cki2z → 200 (6ms, ?B)
[2026-05-29T09:58:58.104Z] GET http://localhost:3000/packages/nodemailer?_rsc=cki2z → 200 (5ms, ?B)
[2026-05-29T09:59:14.354Z] GET http://localhost:3000/dashboard → 200 (7ms, 34969B)
[2026-05-29T09:59:14.374Z] GET http://localhost:3000/_next/image?url=%2Flogo.png&w=32&q=75 → 200 (1ms, 220B)
[2026-05-29T09:59:14.376Z] GET http://localhost:3000/_next/static/css/118259c53b2ba41a.css → 200 (?ms, 36144B)
[2026-05-29T09:59:14.386Z] GET http://localhost:3000/_next/static/chunks/webpack-68db74319b18262e.js → 200 (?ms, 3839B)
[2026-05-29T09:59:14.387Z] GET http://localhost:3000/_next/static/chunks/fd9d1056-d01e9804f4c81514.js → 200 (?ms, 172836B)
[2026-05-29T09:59:14.387Z] GET http://localhost:3000/_next/static/chunks/117-72b103fc8e46f795.js → 200 (?ms, 124726B)
[2026-05-29T09:59:14.388Z] GET http://localhost:3000/_next/static/chunks/main-app-81c067feb08acb5c.js → 200 (?ms, 468B)
[2026-05-29T09:59:14.388Z] GET http://localhost:3000/_next/static/chunks/972-08e58201e5ba5632.js → 200 (?ms, 26119B)
[2026-05-29T09:59:14.388Z] GET http://localhost:3000/_next/static/chunks/82-8c43f1d2c30541c5.js → 200 (?ms, 29085B)
[2026-05-29T09:59:14.389Z] GET http://localhost:3000/_next/static/chunks/521-e5fa6ee99fcb2559.js → 200 (?ms, 110534B)
[2026-05-29T09:59:14.389Z] GET http://localhost:3000/_next/static/chunks/395-f2c77096de26445d.js → 200 (?ms, 383446B)
[2026-05-29T09:59:14.390Z] GET http://localhost:3000/_next/static/chunks/550-23036b7dc9b4e974.js → 200 (?ms, 15483B)
[2026-05-29T09:59:14.390Z] GET http://localhost:3000/_next/static/chunks/app/(dashboard)/dashboard/page-f77a5f4fc5ba979a.js → 200 (1ms, 6821B)
[2026-05-29T09:59:14.391Z] GET http://localhost:3000/_next/static/chunks/878-afecfdc3c035736c.js → 200 (?ms, 13343B)
[2026-05-29T09:59:14.391Z] GET http://localhost:3000/_next/static/chunks/app/(dashboard)/layout-86ea39ceb6b49e3c.js → 200 (?ms, 4644B)
[2026-05-29T09:59:14.394Z] GET http://localhost:3000/_next/static/media/e4af272ccee01ff0-s.p.woff2 → 200 (1ms, ?B)
[2026-05-29T09:59:14.516Z] GET http://localhost:3000/?_rsc=cki2z → 200 (3ms, 12374B)
[2026-05-29T09:59:14.516Z] GET http://localhost:3000/packages?_rsc=cki2z → 200 (15ms, 5829B)
[2026-05-29T09:59:14.516Z] GET http://localhost:3000/alerts?_rsc=cki2z → 200 (10ms, 5729B)
[2026-05-29T09:59:14.516Z] GET http://localhost:3000/repos?_rsc=cki2z → 200 (37ms, 5771B)
[2026-05-29T09:59:14.516Z] GET http://localhost:3000/packages/left-pad?_rsc=cki2z → 200 (39ms, ?B)
[2026-05-29T09:59:14.523Z] GET http://localhost:3000/_next/static/chunks/570-b4ab4d6e81f385e6.js → 200 (?ms, 7397B)
[2026-05-29T09:59:14.524Z] GET http://localhost:3000/_next/static/chunks/app/(public)/page-378e0b3e89ac6f2a.js → 200 (?ms, 23985B)
[2026-05-29T09:59:14.524Z] GET http://localhost:3000/packages/moment?_rsc=cki2z → 200 (34ms, ?B)
[2026-05-29T09:59:14.529Z] GET http://localhost:3000/_next/static/chunks/app/(dashboard)/alerts/page-d51a89e0271e472d.js → 200 (?ms, 7435B)
[2026-05-29T09:59:14.531Z] GET http://localhost:3000/packages/request?_rsc=cki2z → 200 (27ms, ?B)
[2026-05-29T09:59:14.537Z] GET http://localhost:3000/_next/static/chunks/app/(dashboard)/packages/page-437f3d032a1c4bcf.js → 200 (?ms, 5861B)
[2026-05-29T09:59:14.553Z] GET http://localhost:3000/packages/bower?_rsc=cki2z → 200 (7ms, ?B)
[2026-05-29T09:59:14.553Z] GET http://localhost:3000/_next/static/chunks/441-92a83d041056fcf0.js → 200 (?ms, 7289B)
[2026-05-29T09:59:14.554Z] GET http://localhost:3000/_next/static/chunks/110-5d63135f7fc5747f.js → 200 (?ms, 26567B)
[2026-05-29T09:59:14.554Z] GET http://localhost:3000/_next/static/chunks/app/(dashboard)/repos/page-1da32313d92727e3.js → 200 (?ms, 4486B)
[2026-05-29T09:59:14.557Z] GET http://localhost:3000/packages/node-sass?_rsc=cki2z → 200 (5ms, ?B)
[2026-05-29T09:59:14.558Z] GET http://localhost:3000/packages/gulp?_rsc=cki2z → 200 (5ms, ?B)
[2026-05-29T09:59:14.560Z] GET http://localhost:3000/packages/rxjs?_rsc=cki2z → 200 (5ms, ?B)
[2026-05-29T09:59:14.561Z] GET http://localhost:3000/packages/underscore?_rsc=cki2z → 200 (6ms, ?B)
[2026-05-29T09:59:14.563Z] GET http://localhost:3000/packages/nodemailer?_rsc=cki2z → 200 (5ms, ?B)
[2026-05-29T09:59:34.078Z] GET http://localhost:3000/ → pending (?ms, ?B)
[2026-05-29T09:59:35.284Z] GET http://localhost:3000/_next/image?url=%2Flogo.png&w=32&q=75 → 200 (?ms, 220B)
[2026-05-29T09:59:35.288Z] GET http://localhost:3000/_next/static/css/118259c53b2ba41a.css → 200 (?ms, 36144B)
[2026-05-29T09:59:35.288Z] GET http://localhost:3000/_next/static/chunks/webpack-68db74319b18262e.js → 200 (?ms, 3839B)
[2026-05-29T09:59:35.289Z] GET http://localhost:3000/_next/static/chunks/fd9d1056-d01e9804f4c81514.js → 200 (?ms, ?B)
[2026-05-29T09:59:35.289Z] GET http://localhost:3000/_next/static/chunks/117-72b103fc8e46f795.js → 200 (1ms, ?B)
[2026-05-29T09:59:35.290Z] GET http://localhost:3000/_next/static/chunks/main-app-81c067feb08acb5c.js → 200 (?ms, ?B)
[2026-05-29T09:59:35.290Z] GET http://localhost:3000/_next/static/chunks/972-08e58201e5ba5632.js → 200 (?ms, ?B)
[2026-05-29T09:59:35.290Z] GET http://localhost:3000/_next/static/chunks/82-8c43f1d2c30541c5.js → 200 (?ms, ?B)
[2026-05-29T09:59:35.290Z] GET http://localhost:3000/_next/static/chunks/521-e5fa6ee99fcb2559.js → 200 (?ms, ?B)
[2026-05-29T09:59:35.292Z] GET http://localhost:3000/_next/static/chunks/878-afecfdc3c035736c.js → 200 (?ms, ?B)
[2026-05-29T09:59:35.292Z] GET http://localhost:3000/_next/static/chunks/570-b4ab4d6e81f385e6.js → 200 (?ms, ?B)
[2026-05-29T09:59:35.292Z] GET http://localhost:3000/_next/static/chunks/app/(public)/page-378e0b3e89ac6f2a.js → 200 (1ms, ?B)
[2026-05-29T09:59:35.307Z] GET http://localhost:3000/_next/static/media/e4af272ccee01ff0-s.p.woff2 → 200 (1ms, ?B)
[2026-05-29T09:59:35.395Z] GET http://localhost:3000/pricing?_rsc=gdhdt → 200 (22ms, 5434B)
[2026-05-29T09:59:35.395Z] GET http://localhost:3000/login?_rsc=gdhdt → 200 (47ms, 6459B)
[2026-05-29T09:59:35.395Z] GET http://localhost:3000/register?_rsc=gdhdt → 200 (48ms, 6471B)
[2026-05-29T09:59:35.441Z] GET http://localhost:3000/_next/static/chunks/app/(public)/pricing/page-0bda7fffa1c8532d.js → 200 (?ms, 22852B)
[2026-05-29T09:59:35.451Z] GET http://localhost:3000/_next/static/chunks/app/(auth)/login/page-7e7fb2cb72dc1a3e.js → 200 (?ms, 2269B)
[2026-05-29T09:59:35.451Z] GET http://localhost:3000/_next/static/chunks/app/(auth)/register/page-e7eb4bcb02d63d70.js → 200 (1ms, 2296B)
[2026-05-29T09:59:38.949Z] GET http://localhost:3000/pricing → 200 (31ms, 44714B)
[2026-05-29T09:59:38.989Z] GET http://localhost:3000/_next/image?url=%2Flogo.png&w=32&q=75 → 200 (1ms, 220B)
[2026-05-29T09:59:38.991Z] GET http://localhost:3000/_next/static/css/118259c53b2ba41a.css → 200 (?ms, 36144B)
[2026-05-29T09:59:38.991Z] GET http://localhost:3000/_next/static/chunks/webpack-68db74319b18262e.js → 200 (?ms, 3839B)
[2026-05-29T09:59:38.991Z] GET http://localhost:3000/_next/static/chunks/fd9d1056-d01e9804f4c81514.js → 200 (?ms, 172836B)
[2026-05-29T09:59:38.991Z] GET http://localhost:3000/_next/static/chunks/117-72b103fc8e46f795.js → 200 (?ms, 124726B)
[2026-05-29T09:59:38.992Z] GET http://localhost:3000/_next/static/chunks/main-app-81c067feb08acb5c.js → 200 (?ms, 468B)
[2026-05-29T09:59:38.992Z] GET http://localhost:3000/_next/static/chunks/972-08e58201e5ba5632.js → 200 (?ms, 26119B)
[2026-05-29T09:59:38.994Z] GET http://localhost:3000/_next/static/chunks/82-8c43f1d2c30541c5.js → 200 (?ms, 29085B)
[2026-05-29T09:59:38.994Z] GET http://localhost:3000/_next/static/chunks/521-e5fa6ee99fcb2559.js → 200 (?ms, 110534B)
[2026-05-29T09:59:38.995Z] GET http://localhost:3000/_next/static/chunks/878-afecfdc3c035736c.js → 200 (?ms, 13343B)
[2026-05-29T09:59:38.995Z] GET http://localhost:3000/_next/static/chunks/app/(public)/pricing/page-0bda7fffa1c8532d.js → 200 (?ms, 22852B)
[2026-05-29T09:59:39.002Z] GET http://localhost:3000/_next/static/media/e4af272ccee01ff0-s.p.woff2 → 200 (1ms, ?B)
[2026-05-29T09:59:39.105Z] GET http://localhost:3000/?_rsc=t7waa → 200 (3ms, 12374B)
[2026-05-29T09:59:39.105Z] GET http://localhost:3000/login?_rsc=t7waa → 200 (9ms, 6459B)
[2026-05-29T09:59:39.105Z] GET http://localhost:3000/register?_rsc=t7waa → 200 (11ms, 6471B)
[2026-05-29T09:59:39.116Z] GET http://localhost:3000/_next/static/chunks/570-b4ab4d6e81f385e6.js → 200 (?ms, 7397B)
[2026-05-29T09:59:39.116Z] GET http://localhost:3000/_next/static/chunks/app/(public)/page-378e0b3e89ac6f2a.js → 200 (?ms, 23985B)
[2026-05-29T09:59:39.117Z] GET http://localhost:3000/_next/static/chunks/app/(auth)/login/page-7e7fb2cb72dc1a3e.js → 200 (?ms, 2269B)
[2026-05-29T09:59:39.120Z] GET http://localhost:3000/_next/static/chunks/app/(auth)/register/page-e7eb4bcb02d63d70.js → 200 (?ms, 2296B)
[2026-05-29T09:59:42.375Z] GET http://localhost:3000/dashboard → 200 (20ms, 34969B)
[2026-05-29T09:59:42.412Z] GET http://localhost:3000/_next/image?url=%2Flogo.png&w=32&q=75 → 200 (?ms, 220B)
[2026-05-29T09:59:42.413Z] GET http://localhost:3000/_next/static/css/118259c53b2ba41a.css → 200 (4ms, 36144B)
[2026-05-29T09:59:42.417Z] GET http://localhost:3000/_next/static/chunks/webpack-68db74319b18262e.js → 200 (?ms, 3839B)
[2026-05-29T09:59:42.417Z] GET http://localhost:3000/_next/static/chunks/fd9d1056-d01e9804f4c81514.js → 200 (?ms, 172836B)
[2026-05-29T09:59:42.418Z] GET http://localhost:3000/_next/static/chunks/117-72b103fc8e46f795.js → 200 (?ms, 124726B)
[2026-05-29T09:59:42.418Z] GET http://localhost:3000/_next/static/chunks/main-app-81c067feb08acb5c.js → 200 (?ms, 468B)
[2026-05-29T09:59:42.418Z] GET http://localhost:3000/_next/static/chunks/972-08e58201e5ba5632.js → 200 (?ms, 26119B)
[2026-05-29T09:59:42.418Z] GET http://localhost:3000/_next/static/chunks/82-8c43f1d2c30541c5.js → 200 (?ms, 29085B)
[2026-05-29T09:59:42.418Z] GET http://localhost:3000/_next/static/chunks/521-e5fa6ee99fcb2559.js → 200 (?ms, 110534B)
[2026-05-29T09:59:42.419Z] GET http://localhost:3000/_next/static/chunks/395-f2c77096de26445d.js → 200 (?ms, 383446B)
[2026-05-29T09:59:42.419Z] GET http://localhost:3000/_next/static/chunks/550-23036b7dc9b4e974.js → 200 (?ms, 15483B)
[2026-05-29T09:59:42.419Z] GET http://localhost:3000/_next/static/chunks/app/(dashboard)/dashboard/page-f77a5f4fc5ba979a.js → 200 (?ms, 6821B)
[2026-05-29T09:59:42.419Z] GET http://localhost:3000/_next/static/chunks/878-afecfdc3c035736c.js → 200 (?ms, 13343B)
[2026-05-29T09:59:42.419Z] GET http://localhost:3000/_next/static/chunks/app/(dashboard)/layout-86ea39ceb6b49e3c.js → 200 (1ms, 4644B)
[2026-05-29T09:59:42.425Z] GET http://localhost:3000/_next/static/media/e4af272ccee01ff0-s.p.woff2 → 200 (?ms, ?B)
[2026-05-29T09:59:42.559Z] GET http://localhost:3000/?_rsc=cki2z → 200 (4ms, 12374B)
[2026-05-29T09:59:42.559Z] GET http://localhost:3000/packages?_rsc=cki2z → 200 (11ms, 5829B)
[2026-05-29T09:59:42.559Z] GET http://localhost:3000/alerts?_rsc=cki2z → 200 (15ms, 5729B)
[2026-05-29T09:59:42.559Z] GET http://localhost:3000/repos?_rsc=cki2z → 200 (15ms, 5771B)
[2026-05-29T09:59:42.559Z] GET http://localhost:3000/packages/left-pad?_rsc=cki2z → 200 (25ms, ?B)
[2026-05-29T09:59:42.568Z] GET http://localhost:3000/_next/static/chunks/570-b4ab4d6e81f385e6.js → 200 (?ms, 7397B)
[2026-05-29T09:59:42.570Z] GET http://localhost:3000/_next/static/chunks/app/(public)/page-378e0b3e89ac6f2a.js → 200 (?ms, 23985B)
[2026-05-29T09:59:42.570Z] GET http://localhost:3000/packages/moment?_rsc=cki2z → 200 (14ms, ?B)
[2026-05-29T09:59:42.572Z] GET http://localhost:3000/_next/static/chunks/app/(dashboard)/packages/page-437f3d032a1c4bcf.js → 200 (?ms, 5861B)
[2026-05-29T09:59:42.574Z] GET http://localhost:3000/packages/request?_rsc=cki2z → 200 (10ms, ?B)
[2026-05-29T09:59:42.575Z] GET http://localhost:3000/_next/static/chunks/app/(dashboard)/alerts/page-d51a89e0271e472d.js → 200 (?ms, 7435B)
[2026-05-29T09:59:42.577Z] GET http://localhost:3000/_next/static/chunks/441-92a83d041056fcf0.js → 200 (?ms, 7289B)
[2026-05-29T09:59:42.578Z] GET http://localhost:3000/_next/static/chunks/110-5d63135f7fc5747f.js → 200 (?ms, 26567B)
[2026-05-29T09:59:42.578Z] GET http://localhost:3000/_next/static/chunks/app/(dashboard)/repos/page-1da32313d92727e3.js → 200 (?ms, 4486B)
[2026-05-29T09:59:42.582Z] GET http://localhost:3000/packages/bower?_rsc=cki2z → 200 (3ms, ?B)
[2026-05-29T09:59:42.584Z] GET http://localhost:3000/packages/node-sass?_rsc=cki2z → 200 (6ms, ?B)
[2026-05-29T09:59:42.585Z] GET http://localhost:3000/packages/gulp?_rsc=cki2z → 200 (10ms, ?B)
[2026-05-29T09:59:42.589Z] GET http://localhost:3000/packages/rxjs?_rsc=cki2z → 200 (10ms, ?B)
[2026-05-29T09:59:42.590Z] GET http://localhost:3000/packages/underscore?_rsc=cki2z → 200 (12ms, ?B)
[2026-05-29T09:59:42.590Z] GET http://localhost:3000/packages/nodemailer?_rsc=cki2z → 200 (13ms, ?B)
[2026-05-29T09:59:45.107Z] GET http://localhost:3000/login → 200 (3ms, 11959B)
[2026-05-29T09:59:45.125Z] GET http://localhost:3000/_next/image?url=%2Flogo.png&w=32&q=75 → 200 (?ms, 220B)
[2026-05-29T09:59:45.131Z] GET http://localhost:3000/_next/static/css/118259c53b2ba41a.css → 200 (1ms, 36144B)
[2026-05-29T09:59:45.132Z] GET http://localhost:3000/_next/static/chunks/webpack-68db74319b18262e.js → 200 (?ms, 3839B)
[2026-05-29T09:59:45.132Z] GET http://localhost:3000/_next/static/chunks/fd9d1056-d01e9804f4c81514.js → 200 (?ms, 172836B)
[2026-05-29T09:59:45.132Z] GET http://localhost:3000/_next/static/chunks/117-72b103fc8e46f795.js → 200 (?ms, 124726B)
[2026-05-29T09:59:45.132Z] GET http://localhost:3000/_next/static/chunks/main-app-81c067feb08acb5c.js → 200 (?ms, 468B)
[2026-05-29T09:59:45.133Z] GET http://localhost:3000/_next/static/chunks/972-08e58201e5ba5632.js → 200 (?ms, 26119B)
[2026-05-29T09:59:45.133Z] GET http://localhost:3000/_next/static/chunks/521-e5fa6ee99fcb2559.js → 200 (?ms, 110534B)
[2026-05-29T09:59:45.133Z] GET http://localhost:3000/_next/static/chunks/app/(auth)/login/page-7e7fb2cb72dc1a3e.js → 200 (?ms, 2269B)
[2026-05-29T09:59:45.133Z] GET http://localhost:3000/_next/static/chunks/82-8c43f1d2c30541c5.js → 200 (?ms, 29085B)
[2026-05-29T09:59:45.133Z] GET http://localhost:3000/_next/static/chunks/878-afecfdc3c035736c.js → 200 (?ms, 13343B)
[2026-05-29T09:59:45.133Z] GET http://localhost:3000/_next/static/chunks/570-b4ab4d6e81f385e6.js → 200 (?ms, 7397B)
[2026-05-29T09:59:45.133Z] GET http://localhost:3000/_next/static/chunks/app/(public)/page-378e0b3e89ac6f2a.js → 200 (?ms, 23985B)
[2026-05-29T09:59:45.138Z] GET http://localhost:3000/_next/static/media/e4af272ccee01ff0-s.p.woff2 → 200 (?ms, ?B)
[2026-05-29T09:59:45.204Z] GET http://localhost:3000/?_rsc=10x2f → 200 (2ms, 12374B)
[2026-05-29T09:59:45.205Z] GET http://localhost:3000/register?_rsc=10x2f → 200 (24ms, 6471B)
[2026-05-29T09:59:45.229Z] GET http://localhost:3000/_next/static/chunks/app/(auth)/register/page-e7eb4bcb02d63d70.js → 200 (?ms, 2296B)
[2026-05-29T10:00:46.065Z] GET http://localhost:3000/ → 200 (12ms, 59051B)
[2026-05-29T10:00:46.089Z] GET http://localhost:3000/_next/image?url=%2Flogo.png&w=32&q=75 → 304 (31ms, ?B)
[2026-05-29T10:00:46.089Z] GET http://localhost:3000/_next/static/css/118259c53b2ba41a.css → 200 (1ms, 36144B)
[2026-05-29T10:00:46.090Z] GET http://localhost:3000/_next/static/chunks/webpack-68db74319b18262e.js → 200 (?ms, 3839B)
[2026-05-29T10:00:46.091Z] GET http://localhost:3000/_next/static/chunks/fd9d1056-d01e9804f4c81514.js → 200 (?ms, 172836B)
[2026-05-29T10:00:46.092Z] GET http://localhost:3000/_next/static/chunks/117-72b103fc8e46f795.js → 200 (1ms, 124726B)
[2026-05-29T10:00:46.093Z] GET http://localhost:3000/_next/static/chunks/main-app-81c067feb08acb5c.js → 200 (?ms, 468B)
[2026-05-29T10:00:46.094Z] GET http://localhost:3000/_next/static/chunks/972-08e58201e5ba5632.js → 200 (?ms, 26119B)
[2026-05-29T10:00:46.094Z] GET http://localhost:3000/_next/static/chunks/82-8c43f1d2c30541c5.js → 200 (?ms, 29085B)
[2026-05-29T10:00:46.095Z] GET http://localhost:3000/_next/static/chunks/521-e5fa6ee99fcb2559.js → 200 (?ms, 110534B)
[2026-05-29T10:00:46.095Z] GET http://localhost:3000/_next/static/chunks/878-afecfdc3c035736c.js → 200 (?ms, 13343B)
[2026-05-29T10:00:46.096Z] GET http://localhost:3000/_next/static/chunks/570-b4ab4d6e81f385e6.js → 200 (?ms, 7397B)
[2026-05-29T10:00:46.096Z] GET http://localhost:3000/_next/static/chunks/app/(public)/page-378e0b3e89ac6f2a.js → 200 (?ms, 23985B)
[2026-05-29T10:00:46.120Z] GET http://localhost:3000/_next/static/media/e4af272ccee01ff0-s.p.woff2 → 200 (?ms, ?B)
[2026-05-29T10:00:46.182Z] GET http://localhost:3000/pricing?_rsc=gdhdt → 200 (4ms, 5434B)
[2026-05-29T10:00:46.182Z] GET http://localhost:3000/login?_rsc=gdhdt → 200 (7ms, 6459B)
[2026-05-29T10:00:46.182Z] GET http://localhost:3000/register?_rsc=gdhdt → 200 (11ms, 6471B)
[2026-05-29T10:00:46.188Z] GET http://localhost:3000/_next/static/chunks/app/(public)/pricing/page-0bda7fffa1c8532d.js → 200 (?ms, 22852B)
[2026-05-29T10:00:46.190Z] GET http://localhost:3000/_next/static/chunks/app/(auth)/login/page-7e7fb2cb72dc1a3e.js → 200 (?ms, 2269B)
[2026-05-29T10:00:46.193Z] GET http://localhost:3000/_next/static/chunks/app/(auth)/register/page-e7eb4bcb02d63d70.js → 200 (1ms, 2296B)
